
> printyourvibe@0.1.0 build
> next build

Γû▓ Next.js 16.2.1 (Turbopack)

  Creating an optimized production build ...
node.exe : 
At line:1 char:1
+ & "C:\Program 
Files\nodejs/node.exe" 
"C:\Program 
Files\nodejs/node_mo 
...
+ ~~~~~~~~~~~~~~~~~~~~~
~~~~~~~~~~~~~~~~~~~~~~~
~~~~~~~~~~~~~~~~~~~~~~~
~~
    + CategoryInfo     
         : 
NotSpecified:     
(:String) [], Remote   
 Exception
    + 
FullyQualifiedErro    
rId : NativeCommandE   
 rror
 
> Build error occurred
Error: Turbopack build 
failed with 2 errors:
./proxy.ts
Proxy is missing 
expected function 
export name
This function is what 
Next.js runs for every 
request handled by 
this proxy (previously 
called middleware).

Why this happens:
- You are migrating 
from `middleware` to 
`proxy`, but haven't 
updated the exported 
function.
- The file exists but 
doesn't export a 
function.
- The export is not a 
function (e.g., an 
object or constant).
- There's a syntax 
error preventing the 
export from being 
recognized.

To fix it:
- Ensure this file has 
either a default or 
"proxy" function 
export.

Learn more: https://nex
tjs.org/docs/messages/m
iddleware-to-proxy


./app/layout.tsx:1:9
Expected ';', '}' or 
<eof>
[31m[1m>[0m [90m1 
|[0m ximport 
[36mtype[0m { 
[33mMetadata[0m } 
[36mfrom[0m 
[32m"next"[0m;
  [90m  |[0m         
[31m[1m^^^^[0m
  [90m2 |[0m 
[36mimport[0m { [33m
Cormorant_Garamond[0m,
 [33mDM_Sans[0m, 
[33mInter[0m, 
[33mSpace_Mono[0m } 
[36mfrom[0m [32m"nex
t/font/google"[0m;
  [90m3 |[0m 
[36mimport[0m [32m".
/globals.css"[0m;
  [90m4 |[0m

Parsing ecmascript 
source code failed


    at <unknown> 
(./app/layout.tsx:1:9)
